// Jest Snapshot v1, https://goo.gl/fbAQLP

exports[`App Component renders with snapshot matching 1`] = `
<View
  style={
    {
      "alignItems": "center",
      "backgroundColor": "white",
      "bottom": 0,
      "justifyContent": "center",
      "left": 0,
      "position": "absolute",
      "right": 0,
      "top": 0,
    }
  }
>
  <ActivityIndicator
    color="#0000ff"
    size="large"
  />
  <Text>
    Initializing...
  </Text>
</View>
`;

exports[`OfflineNotice Component renders snapshot correctly 1`] = `
<View
  style={
    {
      "alignItems": "center",
      "backgroundColor": "#fff",
      "bottom": 0,
      "justifyContent": "center",
      "left": 0,
      "position": "absolute",
      "right": 0,
      "top": 0,
      "zIndex": 9999,
    }
  }
>
  <View
    style={
      {
        "alignItems": "center",
        "maxWidth": 400,
        "paddingHorizontal": 32,
      }
    }
  >
    <Text
      style={
        {
          "color": "#333",
          "fontSize": 64,
          "marginBottom": 24,
        }
      }
    >
      📡
    </Text>
    <Text
      style={
        {
          "color": "#1a1a1a",
          "fontSize": 24,
          "fontWeight": "bold",
          "marginBottom": 12,
          "textAlign": "center",
        }
      }
    >
      No Internet Connection
    </Text>
    <Text
      style={
        {
          "color": "#666",
          "fontSize": 16,
          "lineHeight": 24,
          "marginBottom": 32,
          "textAlign": "center",
        }
      }
    >
      Please check your internet connection and try again to access Astro 5 Star.
    </Text>
    <View
      accessibilityState={
        {
          "busy": undefined,
          "checked": undefined,
          "disabled": undefined,
          "expanded": undefined,
          "selected": undefined,
        }
      }
      accessibilityValue={
        {
          "max": undefined,
          "min": undefined,
          "now": undefined,
          "text": undefined,
        }
      }
      accessible={true}
      collapsable={false}
      focusable={true}
      onClick={[Function]}
      onResponderGrant={[Function]}
      onResponderMove={[Function]}
      onResponderRelease={[Function]}
      onResponderTerminate={[Function]}
      onResponderTerminationRequest={[Function]}
      onStartShouldSetResponder={[Function]}
      style={
        {
          "backgroundColor": "#FF5722",
          "borderRadius": 30,
          "elevation": 4,
          "opacity": 1,
          "paddingHorizontal": 36,
          "paddingVertical": 14,
          "shadowColor": "#FF5722",
          "shadowOffset": {
            "height": 4,
            "width": 0,
          },
          "shadowOpacity": 0.3,
          "shadowRadius": 8,
        }
      }
    >
      <Text
        style={
          {
            "color": "#fff",
            "fontSize": 16,
            "fontWeight": "700",
            "letterSpacing": 0.5,
          }
        }
      >
        Retry Connection
      </Text>
    </View>
  </View>
</View>
`;
